
There are no discarded input sections

Memory Configuration

Name             Origin             Length             Attributes
ram              0x82000000         0x00010000
stack            0x82010000         0x00002000
*default*        0x00000000         0xffffffff

Linker script and memory map

                0x82000000                        . = ORIGIN (ram)

.text           0x82000000      0xca5
 *(.vectors)
 .vectors       0x82000000       0x30 root.o
                0x82000000                _vectors
 *(.text*)
 .text          0x82000030       0xdc root.o
                0x82000030                _start
                0x820000a4                irq_handler_entry
 .text          0x8200010c      0x2b4 os.o
                0x8200010c                timer_init_ms
                0x82000290                irq_enable
                0x820002b8                irq_handler
                0x82000378                main
 .text          0x820003c0      0x1a8 os_lib.o
                0x820003c0                uart_init
                0x82000408                uart_putc
                0x82000458                uart_puts
                0x820004a4                uart_gets_input
 .text          0x82000568      0x320 stdio.o
                0x82000568                uint32_to_hex_str
                0x8200063c                PRINT
                0x82000794                READ
 .text          0x82000888      0x2dc string.o
                0x82000888                str_to_int
                0x82000938                int_to_str
 *(.rodata*)
 .rodata        0x82000b64      0x12f os.o
 *fill*         0x82000c93        0x1 
 .rodata        0x82000c94       0x11 stdio.o

.glue_7         0x82000ca8        0x0
 .glue_7        0x82000ca8        0x0 linker stubs

.glue_7t        0x82000ca8        0x0
 .glue_7t       0x82000ca8        0x0 linker stubs

.vfp11_veneer   0x82000ca8        0x0
 .vfp11_veneer  0x82000ca8        0x0 linker stubs

.v4_bx          0x82000ca8        0x0
 .v4_bx         0x82000ca8        0x0 linker stubs

.iplt           0x82000ca8        0x0
 .iplt          0x82000ca8        0x0 root.o

.rel.dyn        0x82000ca8        0x0
 .rel.iplt      0x82000ca8        0x0 root.o

.data           0x82000ca8        0x4 load address 0x82000ca5
                0x82000ca8                        __data_start__ = .
 *(.data*)
 .data          0x82000ca8        0x0 root.o
 .data          0x82000ca8        0x4 os.o
                0x82000ca8                next_pid
 .data          0x82000cac        0x0 os_lib.o
 .data          0x82000cac        0x0 stdio.o
 .data          0x82000cac        0x0 string.o
                0x82000cac                        __data_end__ = .

.igot.plt       0x82000cac        0x0
 .igot.plt      0x82000cac        0x0 root.o

.bss            0x82000cac       0x1c
                0x82000cac                        __bss_start__ = .
 *(.bss*)
 .bss           0x82000cac        0x0 root.o
 .bss           0x82000cac       0x1c os.o
                0x82000cac                pcbs
                0x82000cc4                current_pid
 .bss           0x82000cc8        0x0 os_lib.o
 .bss           0x82000cc8        0x0 stdio.o
 .bss           0x82000cc8        0x0 string.o
 *(COMMON)
                0x82000cc8                        __bss_end__ = .

.stack          0x82010000     0x2000
                0x82010000                        __stack_bottom = .
                0x82012000                        . = (. + 0x2000)
 *fill*         0x82010000     0x2000 
                0x82012000                        __stack_top = .
LOAD root.o
LOAD os.o
LOAD os_lib.o
LOAD stdio.o
LOAD string.o
OUTPUT(os.elf elf32-littlearm)
LOAD linker stubs

.ARM.attributes
                0x00000000       0x33
 .ARM.attributes
                0x00000000       0x25 root.o
 .ARM.attributes
                0x00000025       0x31 os.o
 .ARM.attributes
                0x00000056       0x31 os_lib.o
 .ARM.attributes
                0x00000087       0x31 stdio.o
 .ARM.attributes
                0x000000b8       0x31 string.o

.comment        0x00000000       0x45
 .comment       0x00000000       0x45 os.o
                                 0x46 (size before relaxing)
 .comment       0x00000045       0x46 os_lib.o
 .comment       0x00000045       0x46 stdio.o
 .comment       0x00000045       0x46 string.o
